// Jest Snapshot v1, https://goo.gl/fbAQLP

exports[`LiaisonPage Component Render the LiaisonPage Component having populated props with no errors 1`] = `
<LiaisonPage
  astronomers={
    Array [
      Object {
        "name": "LA-1",
        "username": "LA-1",
      },
      Object {
        "name": "LA-2",
        "username": "LA-2",
      },
      Object {
        "name": "LA-3",
        "username": "LA-3",
      },
    ]
  }
  filters={
    Object {
      "selectedLiaison": "All",
      "selectedSemester": "2018-1",
    }
  }
  initProposals={
    Array [
      Object {
        "liaisonAstronomer": "LIAISON",
        "pi": "INVESTIGATOR",
        "proposalCode": "CODE",
        "proposalId": "ID",
        "title": "TITLE",
      },
      Object {
        "liaisonAstronomer": "LA-3",
        "pi": "PI-3",
        "proposalCode": "Code-3",
        "proposalId": "2",
        "title": "Title-3",
      },
    ]
  }
  proposals={
    Array [
      Object {
        "liaisonAstronomer": "LA-1",
        "pi": "PI-1",
        "proposalCode": "Code-1",
        "proposalId": "0",
        "title": "Title-1",
      },
      Object {
        "liaisonAstronomer": "LA-2",
        "pi": "PI-2",
        "proposalCode": "Code-2",
        "proposalId": "1",
        "title": "Title-2",
      },
      Object {
        "liaisonAstronomer": "LA-3",
        "pi": "PI-3",
        "proposalCode": "Code-3",
        "proposalId": "2",
        "title": "Title-3",
      },
    ]
  }
  setLiaison={[Function]}
  submitLiaisons={[Function]}
  user={
    Object {
      "name": "Sifiso",
      "roles": Array [
        Object {
          "type": "ADMINISTRATOR",
        },
      ],
      "username": "myezasifiso",
    }
  }
>
  <div>
    <LiaisonTable
      astronomers={
        Array [
          Object {
            "name": "LA-1",
            "username": "LA-1",
          },
          Object {
            "name": "LA-2",
            "username": "LA-2",
          },
          Object {
            "name": "LA-3",
            "username": "LA-3",
          },
        ]
      }
      canAssign={true}
      initProposals={
        Array [
          Object {
            "liaisonAstronomer": "LIAISON",
            "pi": "INVESTIGATOR",
            "proposalCode": "CODE",
            "proposalId": "ID",
            "title": "TITLE",
          },
          Object {
            "liaisonAstronomer": "LA-3",
            "pi": "PI-3",
            "proposalCode": "Code-3",
            "proposalId": "2",
            "title": "Title-3",
          },
        ]
      }
      proposals={
        Array [
          Object {
            "liaisonAstronomer": "LA-1",
            "pi": "PI-1",
            "proposalCode": "Code-1",
            "proposalId": "0",
            "title": "Title-1",
          },
          Object {
            "liaisonAstronomer": "LA-2",
            "pi": "PI-2",
            "proposalCode": "Code-2",
            "proposalId": "1",
            "title": "Title-2",
          },
          Object {
            "liaisonAstronomer": "LA-3",
            "pi": "PI-3",
            "proposalCode": "Code-3",
            "proposalId": "2",
            "title": "Title-3",
          },
        ]
      }
      requestSummary={[Function]}
      semester="2018-1"
      setLiaison={[Function]}
      username="myezasifiso"
    >
      <div
        className="SATableDiv"
      >
        <h1>
          Salt Astronomers Liaison Assigning
        </h1>
        <table
          align="center"
          className="SATable"
        >
          <thead>
            <tr>
              <th>
                Proposal Code
              </th>
              <th>
                Summary
              </th>
              <th>
                Proposal Title
              </th>
              <th>
                Proposal Investigator
              </th>
              <th>
                Liaison Astronomer
              </th>
            </tr>
          </thead>
          <tbody>
            <LiaisonTableRow
              astronomers={
                Array [
                  Object {
                    "name": "LA-1",
                    "username": "LA-1",
                  },
                  Object {
                    "name": "LA-2",
                    "username": "LA-2",
                  },
                  Object {
                    "name": "LA-3",
                    "username": "LA-3",
                  },
                ]
              }
              canAssign={true}
              initProposals={
                Array [
                  Object {
                    "liaisonAstronomer": "LIAISON",
                    "pi": "INVESTIGATOR",
                    "proposalCode": "CODE",
                    "proposalId": "ID",
                    "title": "TITLE",
                  },
                  Object {
                    "liaisonAstronomer": "LA-3",
                    "pi": "PI-3",
                    "proposalCode": "Code-3",
                    "proposalId": "2",
                    "title": "Title-3",
                  },
                ]
              }
              key="Code-1"
              proposal={
                Object {
                  "liaisonAstronomer": "LA-1",
                  "pi": "PI-1",
                  "proposalCode": "Code-1",
                  "proposalId": "0",
                  "title": "Title-1",
                }
              }
              requestSummary={[Function]}
              semester="2018-1"
              setLiaison={[Function]}
              username="myezasifiso"
            >
              <tr
                key="liaison-Code-1"
              >
                <td>
                  <a
                    href="https://www.salt.ac.za/wm/proposal/Code-1"
                    target="_blank"
                  >
                    Code-1
                  </a>
                </td>
                <td
                  className="width-100"
                >
                  <a
                    className="file-download"
                    href=""
                    onClick={[Function]}
                  >
                    Download
                  </a>
                </td>
                <td
                  className=" table-height width-400"
                >
                  Title-1
                </td>
                <td
                  className="width-100"
                >
                  PI-1
                </td>
                <LiaisonSelector
                  astronomers={
                    Array [
                      Object {
                        "name": "LA-1",
                        "username": "LA-1",
                      },
                      Object {
                        "name": "LA-2",
                        "username": "LA-2",
                      },
                      Object {
                        "name": "LA-3",
                        "username": "LA-3",
                      },
                    ]
                  }
                  canAssign={true}
                  initProposals={
                    Array [
                      Object {
                        "liaisonAstronomer": "LIAISON",
                        "pi": "INVESTIGATOR",
                        "proposalCode": "CODE",
                        "proposalId": "ID",
                        "title": "TITLE",
                      },
                      Object {
                        "liaisonAstronomer": "LA-3",
                        "pi": "PI-3",
                        "proposalCode": "Code-3",
                        "proposalId": "2",
                        "title": "Title-3",
                      },
                    ]
                  }
                  proposal={
                    Object {
                      "liaisonAstronomer": "LA-1",
                      "pi": "PI-1",
                      "proposalCode": "Code-1",
                      "proposalId": "0",
                      "title": "Title-1",
                    }
                  }
                  setLiaison={[Function]}
                  username="myezasifiso"
                >
                  <td>
                    <select
                      className="setLiaison"
                      defaultValue="LA-1"
                      name="selector"
                      onChange={[Function]}
                      style={
                        Object {
                          "color": "blue",
                        }
                      }
                    >
                      <option
                        value="none"
                      >
                        none
                      </option>
                      <option
                        key="LA-1"
                        name="LA-1"
                        value="LA-1"
                      >
                        LA-1
                      </option>
                      <option
                        key="LA-2"
                        name="LA-2"
                        value="LA-2"
                      >
                        LA-2
                      </option>
                      <option
                        key="LA-3"
                        name="LA-3"
                        value="LA-3"
                      >
                        LA-3
                      </option>
                    </select>
                  </td>
                </LiaisonSelector>
              </tr>
            </LiaisonTableRow>
            <LiaisonTableRow
              astronomers={
                Array [
                  Object {
                    "name": "LA-1",
                    "username": "LA-1",
                  },
                  Object {
                    "name": "LA-2",
                    "username": "LA-2",
                  },
                  Object {
                    "name": "LA-3",
                    "username": "LA-3",
                  },
                ]
              }
              canAssign={true}
              initProposals={
                Array [
                  Object {
                    "liaisonAstronomer": "LIAISON",
                    "pi": "INVESTIGATOR",
                    "proposalCode": "CODE",
                    "proposalId": "ID",
                    "title": "TITLE",
                  },
                  Object {
                    "liaisonAstronomer": "LA-3",
                    "pi": "PI-3",
                    "proposalCode": "Code-3",
                    "proposalId": "2",
                    "title": "Title-3",
                  },
                ]
              }
              key="Code-2"
              proposal={
                Object {
                  "liaisonAstronomer": "LA-2",
                  "pi": "PI-2",
                  "proposalCode": "Code-2",
                  "proposalId": "1",
                  "title": "Title-2",
                }
              }
              requestSummary={[Function]}
              semester="2018-1"
              setLiaison={[Function]}
              username="myezasifiso"
            >
              <tr
                key="liaison-Code-2"
              >
                <td>
                  <a
                    href="https://www.salt.ac.za/wm/proposal/Code-2"
                    target="_blank"
                  >
                    Code-2
                  </a>
                </td>
                <td
                  className="width-100"
                >
                  <a
                    className="file-download"
                    href=""
                    onClick={[Function]}
                  >
                    Download
                  </a>
                </td>
                <td
                  className=" table-height width-400"
                >
                  Title-2
                </td>
                <td
                  className="width-100"
                >
                  PI-2
                </td>
                <LiaisonSelector
                  astronomers={
                    Array [
                      Object {
                        "name": "LA-1",
                        "username": "LA-1",
                      },
                      Object {
                        "name": "LA-2",
                        "username": "LA-2",
                      },
                      Object {
                        "name": "LA-3",
                        "username": "LA-3",
                      },
                    ]
                  }
                  canAssign={true}
                  initProposals={
                    Array [
                      Object {
                        "liaisonAstronomer": "LIAISON",
                        "pi": "INVESTIGATOR",
                        "proposalCode": "CODE",
                        "proposalId": "ID",
                        "title": "TITLE",
                      },
                      Object {
                        "liaisonAstronomer": "LA-3",
                        "pi": "PI-3",
                        "proposalCode": "Code-3",
                        "proposalId": "2",
                        "title": "Title-3",
                      },
                    ]
                  }
                  proposal={
                    Object {
                      "liaisonAstronomer": "LA-2",
                      "pi": "PI-2",
                      "proposalCode": "Code-2",
                      "proposalId": "1",
                      "title": "Title-2",
                    }
                  }
                  setLiaison={[Function]}
                  username="myezasifiso"
                >
                  <td>
                    <select
                      className="setLiaison"
                      defaultValue="LA-2"
                      name="selector"
                      onChange={[Function]}
                      style={
                        Object {
                          "color": "blue",
                        }
                      }
                    >
                      <option
                        value="none"
                      >
                        none
                      </option>
                      <option
                        key="LA-1"
                        name="LA-1"
                        value="LA-1"
                      >
                        LA-1
                      </option>
                      <option
                        key="LA-2"
                        name="LA-2"
                        value="LA-2"
                      >
                        LA-2
                      </option>
                      <option
                        key="LA-3"
                        name="LA-3"
                        value="LA-3"
                      >
                        LA-3
                      </option>
                    </select>
                  </td>
                </LiaisonSelector>
              </tr>
            </LiaisonTableRow>
            <LiaisonTableRow
              astronomers={
                Array [
                  Object {
                    "name": "LA-1",
                    "username": "LA-1",
                  },
                  Object {
                    "name": "LA-2",
                    "username": "LA-2",
                  },
                  Object {
                    "name": "LA-3",
                    "username": "LA-3",
                  },
                ]
              }
              canAssign={true}
              initProposals={
                Array [
                  Object {
                    "liaisonAstronomer": "LIAISON",
                    "pi": "INVESTIGATOR",
                    "proposalCode": "CODE",
                    "proposalId": "ID",
                    "title": "TITLE",
                  },
                  Object {
                    "liaisonAstronomer": "LA-3",
                    "pi": "PI-3",
                    "proposalCode": "Code-3",
                    "proposalId": "2",
                    "title": "Title-3",
                  },
                ]
              }
              key="Code-3"
              proposal={
                Object {
                  "liaisonAstronomer": "LA-3",
                  "pi": "PI-3",
                  "proposalCode": "Code-3",
                  "proposalId": "2",
                  "title": "Title-3",
                }
              }
              requestSummary={[Function]}
              semester="2018-1"
              setLiaison={[Function]}
              username="myezasifiso"
            >
              <tr
                key="liaison-Code-3"
              >
                <td>
                  <a
                    href="https://www.salt.ac.za/wm/proposal/Code-3"
                    target="_blank"
                  >
                    Code-3
                  </a>
                </td>
                <td
                  className="width-100"
                >
                  <a
                    className="file-download"
                    href=""
                    onClick={[Function]}
                  >
                    Download
                  </a>
                </td>
                <td
                  className=" table-height width-400"
                >
                  Title-3
                </td>
                <td
                  className="width-100"
                >
                  PI-3
                </td>
                <LiaisonSelector
                  astronomers={
                    Array [
                      Object {
                        "name": "LA-1",
                        "username": "LA-1",
                      },
                      Object {
                        "name": "LA-2",
                        "username": "LA-2",
                      },
                      Object {
                        "name": "LA-3",
                        "username": "LA-3",
                      },
                    ]
                  }
                  canAssign={true}
                  initProposals={
                    Array [
                      Object {
                        "liaisonAstronomer": "LIAISON",
                        "pi": "INVESTIGATOR",
                        "proposalCode": "CODE",
                        "proposalId": "ID",
                        "title": "TITLE",
                      },
                      Object {
                        "liaisonAstronomer": "LA-3",
                        "pi": "PI-3",
                        "proposalCode": "Code-3",
                        "proposalId": "2",
                        "title": "Title-3",
                      },
                    ]
                  }
                  proposal={
                    Object {
                      "liaisonAstronomer": "LA-3",
                      "pi": "PI-3",
                      "proposalCode": "Code-3",
                      "proposalId": "2",
                      "title": "Title-3",
                    }
                  }
                  setLiaison={[Function]}
                  username="myezasifiso"
                >
                  <td>
                    <select
                      className="setLiaison"
                      defaultValue="LA-3"
                      name="selector"
                      onChange={[Function]}
                      style={
                        Object {
                          "color": "black",
                        }
                      }
                    >
                      <option
                        key="LA-1"
                        name="LA-1"
                        value="LA-1"
                      >
                        LA-1
                      </option>
                      <option
                        key="LA-2"
                        name="LA-2"
                        value="LA-2"
                      >
                        LA-2
                      </option>
                      <option
                        key="LA-3"
                        name="LA-3"
                        value="LA-3"
                      >
                        LA-3
                      </option>
                    </select>
                  </td>
                </LiaisonSelector>
              </tr>
            </LiaisonTableRow>
          </tbody>
        </table>
      </div>
    </LiaisonTable>
    <button
      onClick={[Function]}
    >
      Submit
    </button>
  </div>
</LiaisonPage>
`;

exports[`LiaisonPage Component Render the LiaisonPage Component having unpopulated props with no errors 1`] = `
<LiaisonPage
  astronomers={Array []}
  filters={Object {}}
  initProposals={Array []}
  proposals={Array []}
  setLiaison={[Function]}
  submitLiaisons={[Function]}
  user={Object {}}
>
  <div>
    <LiaisonTable
      astronomers={Array []}
      canAssign={false}
      initProposals={Array []}
      proposals={Array []}
      requestSummary={[Function]}
      setLiaison={[Function]}
    >
      <div
        className="SATableDiv"
      >
        <h1>
          Salt Astronomers Liaison Assigning
        </h1>
        <table
          align="center"
          className="SATable"
        >
          <thead>
            <tr>
              <th>
                Proposal Code
              </th>
              <th>
                Summary
              </th>
              <th>
                Proposal Title
              </th>
              <th>
                Proposal Investigator
              </th>
              <th>
                Liaison Astronomer
              </th>
            </tr>
          </thead>
          <tbody />
        </table>
      </div>
    </LiaisonTable>
    <button
      onClick={[Function]}
    >
      Submit
    </button>
  </div>
</LiaisonPage>
`;
