// Jest Snapshot v1, https://goo.gl/fbAQLP

exports[`ObservingStatisticsSeeing Component Render the ObservingStatisticsSeeing Component having unpopulated props with no errors 1`] = `
<ObservingStatisticsSeeing
  partner=""
  proposals={Array []}
>
  <div
    className="stat-item"
    style={
      Object {
        "textAlign": "left",
        "width": "100%",
      }
    }
  >
    <table
      className="stat-table"
      style={
        Object {
          "height": "100%",
        }
      }
    >
      <thead>
        <tr>
          <th
            className="width-150"
          >
            Conditions
          </th>
          <th>
            Time requested (hrs)
          </th>
          <th>
            Number of Proposals
          </th>
          <th>
            Fraction of Total Request (%)
          </th>
        </tr>
      </thead>
      <tbody>
        <tr>
          <td>
            Max Seeing 
            <br />
             ≦ 1.0 
          </td>
          <td>
            0.00
          </td>
          <td>
            0
          </td>
          <td>
            NaN
          </td>
        </tr>
        <tr>
          <td>
            Max Seeing 
            <br />
             ≦ 1.5
          </td>
          <td>
            0.00
          </td>
          <td>
            0
          </td>
          <td>
            NaN
          </td>
        </tr>
        <tr>
          <td>
            Max Seeing 
            <br />
             ≦ 2.0
          </td>
          <td>
            0.00
          </td>
          <td>
            0
          </td>
          <td>
            NaN
          </td>
        </tr>
        <tr>
          <td>
            Max Seeing 
            <br />
             ≦ 5.0
          </td>
          <td>
            0.00
          </td>
          <td>
            0
          </td>
          <td>
            NaN
          </td>
        </tr>
      </tbody>
    </table>
  </div>
</ObservingStatisticsSeeing>
`;
